\BOOKMARK [1][-]{section.1}{Introduction}{}% 1
\BOOKMARK [1][-]{section.2}{Driving Example}{}% 2
\BOOKMARK [1][-]{section.3}{Thesis}{}% 3
\BOOKMARK [1][-]{section.4}{Lift Protocol}{}% 4
\BOOKMARK [1][-]{section.5}{Plan of Work}{}% 5
\BOOKMARK [1][-]{section.6}{Related Work}{}% 6
\BOOKMARK [1][-]{section*.1}{References}{}% 7
